$$S_cljs$2e_core:ab
$$S_cljs$2espec$2e_alpha:bb
$$S_integrant$2e_core:Df
$$S_projects$2e_components$2e_bd5e9aad:aa
JSCompiler_StaticMethods_assoc_BANG_:xh
JSCompiler_StaticMethods_cleanUpTimeoutTimer_:fr
JSCompiler_StaticMethods_cleanUpXhr_:ir
JSCompiler_StaticMethods_cleanupKeysArray_:ib
JSCompiler_StaticMethods_cljs$core$IMultiFn$_add_method$arity$3:Ni
JSCompiler_StaticMethods_cljs$core$IMultiFn$_get_method$arity$2:Mi
JSCompiler_StaticMethods_convert:uo
JSCompiler_StaticMethods_createInstance:$q
JSCompiler_StaticMethods_decodeArray:Bo
JSCompiler_StaticMethods_dispatchErrors_:hr
JSCompiler_StaticMethods_div:Da
JSCompiler_StaticMethods_emitString:cp
JSCompiler_StaticMethods_entry_at:Kh
JSCompiler_StaticMethods_error_:er
JSCompiler_StaticMethods_fireListeners:Tq
JSCompiler_StaticMethods_forceChunk:Th
JSCompiler_StaticMethods_getOptions:Wq
JSCompiler_StaticMethods_getProgId_:Xq
JSCompiler_StaticMethods_getReadyState:kr
JSCompiler_StaticMethods_isZero:Ea
JSCompiler_StaticMethods_markAsRemoved:yq
JSCompiler_StaticMethods_negate:za
JSCompiler_StaticMethods_onReadyStateChangeHelper_:jr
JSCompiler_StaticMethods_parseString:Ao
JSCompiler_StaticMethods_removeByKey:Bq
JSCompiler_StaticMethods_shiftRightUnsigned:Ia
JSCompiler_StaticMethods_subtract:Ha
JSCompiler_StaticMethods_sval:Be
JSCompiler_StaticMethods_toNumber:Ca
JSCompiler_inline_result$jscomp$219:yv
JSCompiler_inline_result$jscomp$inline_1908:Lw
JSCompiler_prototypeAlias:g
JSCompiler_temp$jscomp$218:zv
JSCompiler_temp$jscomp$230:Av
L 0:a
L 1:b
L 10:n
L 11:p
L 12:q
L 13:r
L 14:v
L 15:C
L 16:I
L 17:O
L 18:U
L 19:fa
L 2:c
L 20:ya
L 21:Za
L 22:Ke
L 23:ox
L 24:Jv
L 25:Ks
L 26:Kv
L 27:px
L 28:qx
L 29:Lv
L 3:d
L 30:Eu
L 31:rx
L 32:Mv
L 33:Nv
L 34:sx
L 35:tx
L 36:Ot
L 37:rt
L 38:Ov
L 39:ux
L 4:e
L 40:vx
L 41:Pv
L 42:Qv
L 43:Rv
L 44:Fu
L 45:Sv
L 46:Gu
L 47:wx
L 48:Tv
L 49:st
L 5:f
L 50:Uv
L 51:xx
L 52:yx
L 53:Vv
L 54:Hu
L 55:zx
L 56:eq
L 6:h
L 7:k
L 8:l
L 9:m
ajax$core$DELETE$cljs$0core$0IFn$0_invoke$0arity$0variadic:Gr
ajax$core$GET$cljs$0core$0IFn$0_invoke$0arity$0variadic:Fr
ajax$core$POST$cljs$0core$0IFn$0_invoke$0arity$0variadic:Cv
ajax$core$PUT$cljs$0core$0IFn$0_invoke$0arity$0variadic:Dv
ajax$easy$default_error_handler:xr
ajax$easy$default_formats:sr
ajax$easy$default_handler:wr
ajax$easy$easy_ajax_request:zr
ajax$easy$keyword_request_format:tr
ajax$easy$keyword_response_format:vr
ajax$easy$keyword_response_format_element:ur
ajax$easy$transform_handler:yr
ajax$formats$content_type_matches$cljs$0core$0IFn$0_invoke$0arity$01:Vp
ajax$formats$detect_content_type$cljs$0core$0IFn$0_invoke$0arity$02:Wp
ajax$formats$detect_response_format:Jp
ajax$formats$detect_response_format_read$cljs$0core$0IFn$0_invoke$0arity$01:Xp
ajax$formats$get_accept_entries$cljs$0core$0IFn$0_invoke$0arity$01:Up
ajax$formats$get_accept_entries$cljs$0core$0IFn$0_invoke$0arity$02:Tp
ajax$formats$get_format$cljs$0core$0IFn$0_invoke$0arity$02:Sp
ajax$formats$raw_response_format:Rp
ajax$interceptors$ApplyRequestFormat:Dp
ajax$interceptors$DirectSubmission:Gp
ajax$interceptors$ProcessUrlParameters:Fp
ajax$interceptors$ResponseFormat:Bp
ajax$interceptors$content_type_to_request_header:Ap
ajax$interceptors$fail:vf
ajax$interceptors$get_response_format:Ip
ajax$interceptors$map__GT_ResponseFormat:Cp
ajax$interceptors$request_interceptors:Hp
ajax$interceptors$uri_with_params$cljs$0core$0IFn$0_invoke$0arity$01:Ep
ajax$json$json_request_format:Lp
ajax$json$json_response_format:Kp
ajax$protocols$_body:xn
ajax$protocols$_get_all_headers:wn
ajax$protocols$_get_response_header:yn
ajax$protocols$_js_ajax_request:tn
ajax$protocols$_process_request:An
ajax$protocols$_process_response:Bn
ajax$protocols$_status:un
ajax$protocols$_status_text:vn
ajax$protocols$_was_aborted:zn
ajax$ring$make_ring_read:Yp
ajax$simple$default_interceptors:pr
ajax$simple$js_handler$cljs$0core$0IFn$0_invoke$0arity$02:or
ajax$simple$normalize_method:mr
ajax$simple$normalize_request:qr
ajax$simple$process_request:rr
ajax$simple$process_response:nr
ajax$transit$transit_read_fn:Pp
ajax$transit$transit_request_format$cljs$0core$0IFn$0_invoke$0arity$01:Op
ajax$transit$transit_response_format:Qp
ajax$transit$transit_type:Mp
ajax$transit$transit_write_fn:Np
ajax$url$key_encode:En
ajax$url$key_value_pair_to_str:Gn
ajax$url$param_to_key_value_pairs$cljs$0core$0IFn$0_invoke$0arity$02:Kn
ajax$url$param_to_key_value_pairs$cljs$0core$0IFn$0_invoke$0arity$03:Jn
ajax$url$params_to_str$cljs$0core$0IFn$0_invoke$0arity$01:Mn
ajax$url$params_to_str$cljs$0core$0IFn$0_invoke$0arity$02:Ln
ajax$url$to_vec_key_transform:In
ajax$url$url_request_format$cljs$0core$0IFn$0_invoke$0arity$01:Nn
ajax$url$value_encode:Fn
ajax$url$vec_key_transform_fn$cljs$0core$0IFn$0_invoke$0arity$01:Hn
ajax$util$successful_response_codes_set:Dn
ajax$util$throw_error:Cn
ajax$xml_http_request$append:Of
ajax$xml_http_request$process_headers:Br
ajax$xml_http_request$ready_state:Ar
ajax$xml_http_request$xmlhttprequest:Er
arr$jscomp$inline_1264:wv
cached_hierarchy__4622__auto__$jscomp$inline_1934:Tx
cljs:mb
cljs$core:nb
cljs$core$ArrayChunk:De
cljs$core$ArrayIter:cf
cljs$core$ArrayNode:Yg
cljs$core$ArrayNodeIterator:bh
cljs$core$ArrayNodeSeq:ih
cljs$core$Atom:xf
cljs$core$BitmapIndexedNode:Ug
cljs$core$BitmapIndexedNode$EMPTY:Xg
cljs$core$BlackNode:Bh
cljs$core$Box:Ng
cljs$core$ChunkBuffer:Ce
cljs$core$ChunkedCons:Fe
cljs$core$ChunkedSeq:ng
cljs$core$Cons:ve
cljs$core$DEMUNGE_MAP:lq
cljs$core$DEMUNGE_PATTERN:oq
cljs$core$EMPTY:mf
cljs$core$ES6EntriesIterator:Bg
cljs$core$ES6Iterator:jd
cljs$core$ES6IteratorSeq:ld
cljs$core$ES6SetEntriesIterator:Cg
cljs$core$Eduction:ni
cljs$core$Empty:lf
cljs$core$EmptyList:te
cljs$core$ExceptionInfo:qt
cljs$core$Fn:Ib
cljs$core$HashCollisionNode:fh
cljs$core$HashMapIter:kh
cljs$core$HashSetIter:Oh
cljs$core$ICollection:Pb
cljs$core$IComparable:Tr
cljs$core$ICounted:Lb
cljs$core$IEmptyableCollection:Nb
cljs$core$IEncodeClojure:ti
cljs$core$IEncodeJS:oi
cljs$core$IFn:Jb
cljs$core$IIndexed:Rb
cljs$core$IIndexed$_nth$dyn_7659:Sb
cljs$core$IIterable:Qc
cljs$core$IKVReduce:pc
cljs$core$IList:wc
cljs$core$ILookup:Xb
cljs$core$ILookup$_lookup$dyn_7665:Zb
cljs$core$IMap:bc
cljs$core$IMeta:jc
cljs$core$INIT:df
cljs$core$INext:Wb
cljs$core$IPrintWithWriter:Bc
cljs$core$IRecord:xc
cljs$core$IReduce:mc
cljs$core$IReduce$_reduce$dyn_7682:oc
cljs$core$IReversible:yc
cljs$core$ISeq:Tb
cljs$core$ISeqable:tc
cljs$core$ISequential:vc
cljs$core$ISet:fc
cljs$core$ISwap$_swap_BANG_$dyn_7761:Pc
cljs$core$ITER_SYMBOL:Cb
cljs$core$IVector:hc
cljs$core$IndexedSeq:J
cljs$core$IndexedSeqIterator:Ed
cljs$core$KeySeq:sh
cljs$core$Keyword:G
cljs$core$LazySeq:Ae
cljs$core$List:Nd
cljs$core$List$EMPTY:id
cljs$core$Many:hf
cljs$core$MapEntry:bg
cljs$core$MetaFn:Ud
cljs$core$MultiFn:Ki
cljs$core$NONE:jf
cljs$core$NeverEquiv:xg
cljs$core$NodeIterator:Tg
cljs$core$NodeSeq:gh
cljs$core$PROTOCOL_SENTINEL:u
cljs$core$PersistentArrayMap:w
cljs$core$PersistentArrayMap$EMPTY:af
cljs$core$PersistentArrayMap$HASHMAP_THRESHOLD:Jg
cljs$core$PersistentArrayMap$createAsIfByAssoc:Rd
cljs$core$PersistentArrayMap$fromArray:Lg
cljs$core$PersistentArrayMapIterator:Fg
cljs$core$PersistentArrayMapSeq:Eg
cljs$core$PersistentHashMap:lh
cljs$core$PersistentHashMap$EMPTY:Kg
cljs$core$PersistentHashMap$fromArrays:nh
cljs$core$PersistentHashSet:qh
cljs$core$PersistentHashSet$EMPTY:Qh
cljs$core$PersistentHashSet$createAsIfByAssoc:bt
cljs$core$PersistentQueue:vg
cljs$core$PersistentQueue$EMPTY:wg
cljs$core$PersistentQueueIter:tg
cljs$core$PersistentQueueSeq:ug
cljs$core$PersistentTreeMap:rh
cljs$core$PersistentTreeMapSeq:wh
cljs$core$PersistentTreeSet:th
cljs$core$PersistentVector:V
cljs$core$PersistentVector$EMPTY:Md
cljs$core$PersistentVector$EMPTY_NODE:W
cljs$core$PersistentVector$fromArray:hg
cljs$core$RSeq:Fd
cljs$core$Range:vh
cljs$core$RangeChunk:Rh
cljs$core$RangeIterator:Sh
cljs$core$RangedIterator:Yf
cljs$core$RecordIter:Ag
cljs$core$RedNode:X
cljs$core$Reduced:qd
cljs$core$Repeat:Ff
cljs$core$START:ef
cljs$core$SeqIter:ff
cljs$core$Single:kf
cljs$core$StringBufferWriter:Sc
cljs$core$StringIter:bf
cljs$core$Subvec:pg
cljs$core$Symbol:E
cljs$core$TransformerIterator:of
cljs$core$TransientArrayMap:Ig
cljs$core$TransientHashMap:mh
cljs$core$TransientHashSet:Ph
cljs$core$TransientVector:cg
cljs$core$UUID:uh
cljs$core$ValSeq:oh
cljs$core$VectorNode:Pf
cljs$core$Volatile:Bf
cljs$core$_EQ_:N
cljs$core$_STAR_print_fn_STAR_:pb
cljs$core$_STAR_print_level_STAR_:rb
cljs$core$_STAR_print_newline_STAR_:qb
cljs$core$_as_transient:Dc
cljs$core$_assoc:$b
cljs$core$_assoc_BANG_:Gc
cljs$core$_assoc_n:ic
cljs$core$_assoc_n_BANG_:Hc
cljs$core$_chunked_first:Jc
cljs$core$_chunked_rest:Kc
cljs$core$_clj__GT_js:pi
cljs$core$_clone:Kb
cljs$core$_compare:us
cljs$core$_conj:Qb
cljs$core$_conj_BANG_:Ec
cljs$core$_count:Mb
cljs$core$_deref:D
cljs$core$_disjoin:Dr
cljs$core$_dissoc:cc
cljs$core$_drop_first:Ic
cljs$core$_empty:Ob
cljs$core$_equiv:rc
cljs$core$_find:ac
cljs$core$_first:Ub
cljs$core$_global_hierarchy:yi
cljs$core$_hash:sc
cljs$core$_indexOf$cljs$0core$0IFn$0_invoke$0arity$03:P
cljs$core$_iterator:Rc
cljs$core$_js__GT_clj:ui
cljs$core$_key:dc
cljs$core$_kv_reduce:qc
cljs$core$_lastIndexOf$cljs$0core$0IFn$0_invoke$0arity$03:R
cljs$core$_lookup:Yb
cljs$core$_meta:kc
cljs$core$_name:Lc
cljs$core$_namespace:Mc
cljs$core$_next:Cr
cljs$core$_nth:B
cljs$core$_peek:gc
cljs$core$_persistent_BANG_:Fc
cljs$core$_pop:Sr
cljs$core$_pr_writer:Cc
cljs$core$_reduce:nc
cljs$core$_reset_BANG_:Nc
cljs$core$_rest:Vb
cljs$core$_rseq:zc
cljs$core$_seq:uc
cljs$core$_swap_BANG_:Oc
cljs$core$_val:ec
cljs$core$_with_meta:lc
cljs$core$_write:Ac
cljs$core$aclone:Db
cljs$core$apply:Vd
cljs$core$apply$cljs$0core$0IFn$0_invoke$0arity$02:Ue
cljs$core$apply$cljs$0core$0IFn$0_invoke$0arity$03:Ve
cljs$core$apply$cljs$0core$0IFn$0_invoke$0arity$04:We
cljs$core$apply$cljs$0core$0IFn$0_invoke$0arity$05:Xe
cljs$core$apply$cljs$0core$0IFn$0_invoke$0arity$0variadic:Ye
cljs$core$apply_to:Oe
cljs$core$apply_to_simple$cljs$0core$0IFn$0_invoke$0arity$03:Qe
cljs$core$apply_to_simple$cljs$0core$0IFn$0_invoke$0arity$04:Re
cljs$core$apply_to_simple$cljs$0core$0IFn$0_invoke$0arity$05:Se
cljs$core$apply_to_simple$cljs$0core$0IFn$0_invoke$0arity$06:Te
cljs$core$array_QMARK_:zb
cljs$core$array__GT_transient_hash_map:Mg
cljs$core$array_copy:ee
cljs$core$array_for:Wf
cljs$core$array_index_of:Dg
cljs$core$array_map:Mh
cljs$core$array_reduce$cljs$0core$0IFn$0_invoke$0arity$02:xd
cljs$core$array_reduce$cljs$0core$0IFn$0_invoke$0arity$03:yd
cljs$core$array_reduce$cljs$0core$0IFn$0_invoke$0arity$04:zd
cljs$core$assoc:Qd
cljs$core$assoc_BANG_$cljs$0core$0IFn$0_invoke$0arity$03:Ne
cljs$core$assoc_in:Vs
cljs$core$atom$cljs$0core$0IFn$0_invoke$0arity$01:yf
cljs$core$balance_left:Ah
cljs$core$balance_left_del:Dh
cljs$core$balance_right:Ch
cljs$core$balance_right_del:Eh
cljs$core$bit_count:se
cljs$core$boolean$0:he
cljs$core$bounded_count:Ie
cljs$core$build_subvec:qg
cljs$core$butlast:dt
cljs$core$char_escapes:$h
cljs$core$chunkIteratorSeq:nf
cljs$core$chunk_append:He
cljs$core$chunk_buffer:Ee
cljs$core$chunk_cons:Ge
cljs$core$chunked_seq:gg
cljs$core$chunked_seq$cljs$0core$0IFn$0_invoke$0arity$04:fg
cljs$core$chunked_seq$cljs$0core$0IFn$0_invoke$0arity$05:og
cljs$core$chunked_seq_QMARK_:de
cljs$core$ci_reduce$cljs$0core$0IFn$0_invoke$0arity$02:vd
cljs$core$ci_reduce$cljs$0core$0IFn$0_invoke$0arity$03:wd
cljs$core$clj__GT_js:ri
cljs$core$clone_and_set$cljs$0core$0IFn$0_invoke$0arity$03:Pg
cljs$core$coll_QMARK_:Yd
cljs$core$comp:tf
cljs$core$compare:Bs
cljs$core$compare_indexed$cljs$0core$0IFn$0_invoke$0arity$02:Cs
cljs$core$compare_keywords:Ls
cljs$core$compare_symbols:vs
cljs$core$complement:sf
cljs$core$completing$cljs$0core$0IFn$0_invoke$0arity$02:pe
cljs$core$concat:Le
cljs$core$conj:Ld
cljs$core$conj_BANG_:Me
cljs$core$cons:S
cljs$core$contains_QMARK_:je
cljs$core$count:Q
cljs$core$counted_QMARK_:Ad
cljs$core$create_array_node_seq:dh
cljs$core$create_array_node_seq$cljs$0core$0IFn$0_invoke$0arity$01:ch
cljs$core$create_array_node_seq$cljs$0core$0IFn$0_invoke$0arity$03:jh
cljs$core$create_inode_seq:Wg
cljs$core$create_inode_seq$cljs$0core$0IFn$0_invoke$0arity$01:Vg
cljs$core$create_inode_seq$cljs$0core$0IFn$0_invoke$0arity$03:hh
cljs$core$create_node:$g
cljs$core$create_node$cljs$0core$0IFn$0_invoke$0arity$06:ah
cljs$core$create_node$cljs$0core$0IFn$0_invoke$0arity$07:Zg
cljs$core$create_tree_map_seq:zh
cljs$core$demunge:vt
cljs$core$demunge_pattern:ut
cljs$core$deref:ud
cljs$core$derive:ot
cljs$core$disj:zs
cljs$core$dissoc:Sd
cljs$core$do_assoc:Xf
cljs$core$doall$cljs$0core$0IFn$0_invoke$0arity$01:Uh
cljs$core$dominates:Hi
cljs$core$drop$cljs$0core$0IFn$0_invoke$0arity$02:Ef
cljs$core$edit_and_set$cljs$0core$0IFn$0_invoke$0arity$04:Rg
cljs$core$empty:Od
cljs$core$empty_QMARK_:As
cljs$core$empty_ordered_hash:nd
cljs$core$empty_unordered_hash:pd
cljs$core$enable_console_print_BANG_:yb
cljs$core$equiv_map:zg
cljs$core$equiv_sequential:Gd
cljs$core$es6_iterator:kd
cljs$core$es6_iterator_seq:gd
cljs$core$every_QMARK_:qf
cljs$core$ex_info$cljs$0core$0IFn$0_invoke$0arity$02:tt
cljs$core$filter$cljs$0core$0IFn$0_invoke$0arity$02:Hf
cljs$core$find_and_cache_best_method:Ii
cljs$core$first:K
cljs$core$fn_QMARK_:Td
cljs$core$fn__GT_comparator:Ds
cljs$core$gensym$cljs$0core$0IFn$0_invoke$0arity$01:mt
cljs$core$gensym_counter:lt
cljs$core$get:F
cljs$core$get_global_hierarchy:zi
cljs$core$hash:bd
cljs$core$hash_collision_node_find_index:eh
cljs$core$hash_combine:cd
cljs$core$hash_map:Lh
cljs$core$hash_ordered_coll:md
cljs$core$hash_string:ad
cljs$core$hash_unordered_coll:od
cljs$core$ident_QMARK_:Ms
cljs$core$identity:oe
cljs$core$ifn_QMARK_:ie
cljs$core$imul:Uc
cljs$core$inc:ws
cljs$core$indexed_QMARK_:Bd
cljs$core$inode_kv_reduce:Sg
cljs$core$into:Us
cljs$core$into_array$cljs$0core$0IFn$0_invoke$0arity$02:Eb
cljs$core$isa_QMARK_$cljs$0core$0IFn$0_invoke$0arity$02:nt
cljs$core$isa_QMARK_$cljs$0core$0IFn$0_invoke$0arity$03:Di
cljs$core$iter:gf
cljs$core$iter_reduce$cljs$0core$0IFn$0_invoke$0arity$02:ke
cljs$core$iter_reduce$cljs$0core$0IFn$0_invoke$0arity$03:le
cljs$core$iterable_QMARK_:ed
cljs$core$js__GT_clj$cljs$0core$0IFn$0_invoke$0arity$01:vi
cljs$core$js__GT_clj$cljs$0core$0IFn$0_invoke$0arity$0variadic:wi
cljs$core$js_symbol_QMARK_:Hb
cljs$core$juxt$cljs$0core$0IFn$0_invoke$0arity$02:gt
cljs$core$key:kg
cljs$core$key__GT_js$cljs$0core$0IFn$0_invoke$0arity$02:qi
cljs$core$key_test:Og
cljs$core$keys:Gg
cljs$core$keyword:ye
cljs$core$keyword_identical_QMARK_:we
cljs$core$last:ys
cljs$core$lift_ns:ki
cljs$core$linear_traversal_nth$cljs$0core$0IFn$0_invoke$0arity$03:Pd
cljs$core$list:Js
cljs$core$list_QMARK_:Is
cljs$core$lookup_sentinel:fe
cljs$core$m3_fmix:Xc
cljs$core$m3_hash_unencoded_chars:Yc
cljs$core$m3_mix_H1:Wc
cljs$core$m3_mix_K1:Vc
cljs$core$map:Cf
cljs$core$map_QMARK_:ae
cljs$core$map_entry_QMARK_:jg
cljs$core$map_indexed$cljs$0core$0IFn$0_invoke$0arity$02:wf
cljs$core$mapcat$cljs$0core$0IFn$0_invoke$0arity$0variadic:Gf
cljs$core$merge:Zs
cljs$core$meta:Xd
cljs$core$missing_protocol:z
cljs$core$name:ze
cljs$core$namespace:xe
cljs$core$native_satisfies_QMARK_:y
cljs$core$never_equiv:yg
cljs$core$new_path:Sf
cljs$core$newline$cljs$0core$0IFn$0_invoke$0arity$01:ht
cljs$core$next:M
cljs$core$next_STAR_:Pe
cljs$core$nil_QMARK_:iq
cljs$core$nil_iter:$e
cljs$core$not:Ab
cljs$core$not_empty:Ze
cljs$core$nth:Dd
cljs$core$nth$cljs$0core$0IFn$0_invoke$0arity$02:Cd
cljs$core$nth$cljs$0core$0IFn$0_invoke$0arity$03:T
cljs$core$parents$cljs$0core$0IFn$0_invoke$0arity$01:Ei
cljs$core$partial$cljs$0core$0IFn$0_invoke$0arity$02:uf
cljs$core$partial$cljs$0core$0IFn$0_invoke$0arity$04:Ps
cljs$core$partition$cljs$0core$0IFn$0_invoke$0arity$03:Lf
cljs$core$pop_tail:Ys
cljs$core$pr$cljs$0core$0IFn$0_invoke$0arity$0variadic:jt
cljs$core$pr_opts:sb
cljs$core$pr_sb_with_opts:gi
cljs$core$pr_sequential_writer:Wh
cljs$core$pr_str$cljs$0core$0IFn$0_invoke$0arity$0variadic:it
cljs$core$pr_str_STAR_:Tc
cljs$core$pr_str_with_opts:hi
cljs$core$pr_writer:Y
cljs$core$pr_writer_impl:ci
cljs$core$prefers_STAR_:Gi
cljs$core$prim_seq$cljs$0core$0IFn$0_invoke$0arity$02:Hd
cljs$core$print:kt
cljs$core$print_map:di
cljs$core$print_meta_QMARK_:bi
cljs$core$print_prefix_map:li
cljs$core$println$cljs$0core$0IFn$0_invoke$0arity$0variadic:ii
cljs$core$push_tail:Tf
cljs$core$pv_clone_node:Xs
cljs$core$pv_fresh_node:Qf
cljs$core$pv_reduce$cljs$0core$0IFn$0_invoke$0arity$04:$f
cljs$core$pv_reduce$cljs$0core$0IFn$0_invoke$0arity$05:ag
cljs$core$qualified_keyword_QMARK_:Ns
cljs$core$quot:re
cljs$core$quote_string:ai
cljs$core$random_uuid:pt
cljs$core$range$cljs$0core$0IFn$0_invoke$0arity$03:ft
cljs$core$ranged_iterator:Zf
cljs$core$re_find:Vh
cljs$core$record_QMARK_:be
cljs$core$reduce:Gb
cljs$core$reduce$cljs$0core$0IFn$0_invoke$0arity$02:me
cljs$core$reduce$cljs$0core$0IFn$0_invoke$0arity$03:Fb
cljs$core$reduce_kv:ne
cljs$core$reduced:rd
cljs$core$reduced_QMARK_:sd
cljs$core$remove$cljs$0core$0IFn$0_invoke$0arity$02:If
cljs$core$remove_pair:Qg
cljs$core$repeat$cljs$0core$0IFn$0_invoke$0arity$01:Ss
cljs$core$reset_BANG_:zf
cljs$core$reset_cache:Fi
cljs$core$rest:hd
cljs$core$reverse:ue
cljs$core$second:xs
cljs$core$select_keys:$s
cljs$core$seq:H
cljs$core$seq_QMARK_:ge
cljs$core$seq_reduce:Jd
cljs$core$seq_reduce$cljs$0core$0IFn$0_invoke$0arity$02:Id
cljs$core$seq_reduce$cljs$0core$0IFn$0_invoke$0arity$03:Kd
cljs$core$sequence$cljs$0core$0IFn$0_invoke$0arity$01:Os
cljs$core$sequential_QMARK_:$d
cljs$core$set:ct
cljs$core$set_QMARK_:Zd
cljs$core$some:rf
cljs$core$sort$cljs$0core$0IFn$0_invoke$0arity$02:Es
cljs$core$sort_by$cljs$0core$0IFn$0_invoke$0arity$02:Gs
cljs$core$sort_by$cljs$0core$0IFn$0_invoke$0arity$03:Hs
cljs$core$spread:Je
cljs$core$str:A
cljs$core$string_hash_cache:Zc
cljs$core$string_hash_cache_count:$c
cljs$core$string_print:Zh
cljs$core$strip_ns:ji
cljs$core$swap_BANG_:Af
cljs$core$symbol:dd
cljs$core$t_cljs$0core6567:ob
cljs$core$tail_off:Rf
cljs$core$take:Rs
cljs$core$throw_no_method_error:Ji
cljs$core$to_array:Fs
cljs$core$transduce$cljs$0core$0IFn$0_invoke$0arity$04:qe
cljs$core$transformer_iterator:pf
cljs$core$tree_map_add:Gh
cljs$core$tree_map_append:Hh
cljs$core$tree_map_kv_reduce:Fh
cljs$core$tree_map_remove:Ih
cljs$core$tree_map_replace:Jh
cljs$core$tree_map_seq_push:yh
cljs$core$tree_seq:Ts
cljs$core$truth_:x
cljs$core$tv_editable_root:dg
cljs$core$tv_editable_tail:eg
cljs$core$tv_ensure_editable:rg
cljs$core$tv_push_tail:sg
cljs$core$type:jq
cljs$core$type__GT_str:Bb
cljs$core$unchecked_array_for:Vf
cljs$core$unreduced:td
cljs$core$update$cljs$0core$0IFn$0_invoke$0arity$03:Mf
cljs$core$update$cljs$0core$0IFn$0_invoke$0arity$04:Nf
cljs$core$update_in:Ws
cljs$core$val:lg
cljs$core$vals:Hg
cljs$core$vec:ig
cljs$core$vector:mg
cljs$core$vector_QMARK_:ce
cljs$core$vector_index_out_of_bounds:Uf
cljs$core$with_meta:Wd
cljs$core$write_all$cljs$0core$0IFn$0_invoke$0arity$0variadic:Yh
cljs$core$zipmap:et
cljs$cst$keyword$_:Zt
cljs$cst$keyword$aborted:em
cljs$cst$keyword$action:xl
cljs$cst$keyword$add_DASH_project:wk
cljs$cst$keyword$alt_DASH_impl:ei
cljs$cst$keyword$amp:Cu
cljs$cst$keyword$ancestors:Ci
cljs$cst$keyword$api:Rl
cljs$cst$keyword$authenticate:Ou
cljs$cst$keyword$body:hl
cljs$cst$keyword$center:Bj
cljs$cst$keyword$children:Pl
cljs$cst$keyword$cljs_DOT_core_SLASH_not_DASH_found:at
cljs$cst$keyword$cljs_DOT_spec_DOT_alpha_SLASH_accept:Ft
cljs$cst$keyword$cljs_DOT_spec_DOT_alpha_SLASH_alt:It
cljs$cst$keyword$cljs_DOT_spec_DOT_alpha_SLASH_amp:Et
cljs$cst$keyword$cljs_DOT_spec_DOT_alpha_SLASH_gfn:tu
cljs$cst$keyword$cljs_DOT_spec_DOT_alpha_SLASH_invalid:cv
cljs$cst$keyword$cljs_DOT_spec_DOT_alpha_SLASH_k:Vu
cljs$cst$keyword$cljs_DOT_spec_DOT_alpha_SLASH_kvs_DASH__GT_map:At
cljs$cst$keyword$cljs_DOT_spec_DOT_alpha_SLASH_name:bu
cljs$cst$keyword$cljs_DOT_spec_DOT_alpha_SLASH_nil:Lt
cljs$cst$keyword$cljs_DOT_spec_DOT_alpha_SLASH_op:lu
cljs$cst$keyword$cljs_DOT_spec_DOT_alpha_SLASH_pcat:dv
cljs$cst$keyword$cljs_DOT_spec_DOT_alpha_SLASH_problems:pu
cljs$cst$keyword$cljs_DOT_spec_DOT_alpha_SLASH_rep:Mu
cljs$cst$keyword$cljs_DOT_spec_DOT_alpha_SLASH_spec:su
cljs$cst$keyword$cljs_DOT_spec_DOT_alpha_SLASH_unknown:fv
cljs$cst$keyword$cljs_DOT_spec_DOT_alpha_SLASH_v:Ru
cljs$cst$keyword$cljs_DOT_spec_DOT_alpha_SLASH_value:Xt
cljs$cst$keyword$columns:pj
cljs$cst$keyword$config:iv
cljs$cst$keyword$connection_DASH_established:wm
cljs$cst$keyword$content_DASH_type:Yi
cljs$cst$keyword$default:Li
cljs$cst$keyword$dependencies:xu
cljs$cst$keyword$dependency:Tt
cljs$cst$keyword$dependents:Iu
cljs$cst$keyword$descendants:Bi
cljs$cst$keyword$description:oj
cljs$cst$keyword$dup:wb
cljs$cst$keyword$email:Kt
cljs$cst$keyword$error:nk
cljs$cst$keyword$error_DASH_handler:um
cljs$cst$keyword$exception:Lj
cljs$cst$keyword$explain:Wt
cljs$cst$keyword$failed:bk
cljs$cst$keyword$failure:sl
cljs$cst$keyword$fallback_DASH_impl:fi
cljs$cst$keyword$finally:qj
cljs$cst$keyword$flush_DASH_on_DASH_newline:tb
cljs$cst$keyword$format:Ck
cljs$cst$keyword$forms:Qu
cljs$cst$keyword$function:du
cljs$cst$keyword$handler:al
cljs$cst$keyword$handlers:jj
cljs$cst$keyword$headers:bj
cljs$cst$keyword$hierarchy:ck
cljs$cst$keyword$host:uu
cljs$cst$keyword$id:xm
cljs$cst$keyword$in:ev
cljs$cst$keyword$include_DASH_refsets_QMARK_:Tu
cljs$cst$keyword$integrant_DOT_core_SLASH_ambiguous_DASH_key:ou
cljs$cst$keyword$integrant_DOT_core_SLASH_build:yu
cljs$cst$keyword$integrant_DOT_core_SLASH_build_DASH_failed_DASH_spec:bv
cljs$cst$keyword$integrant_DOT_core_SLASH_build_DASH_threw_DASH_exception:Yt
cljs$cst$keyword$integrant_DOT_core_SLASH_invalid_DASH_composite_DASH_key:wu
cljs$cst$keyword$integrant_DOT_core_SLASH_missing_DASH_refs:vu
cljs$cst$keyword$integrant_DOT_core_SLASH_origin:hv
cljs$cst$keyword$interceptors:Uj
cljs$cst$keyword$java:El
cljs$cst$keyword$json:Tl
cljs$cst$keyword$json_DASH_verbose:vm
cljs$cst$keyword$key:Uu
cljs$cst$keyword$keyword_DASH_fn:si
cljs$cst$keyword$keywordize_DASH_keys:xi
cljs$cst$keyword$keywords_QMARK_:Ak
cljs$cst$keyword$ks:Dt
cljs$cst$keyword$matching_DASH_keys:Bu
cljs$cst$keyword$maybe:Pu
cljs$cst$keyword$message:Su
cljs$cst$keyword$meta:vb
cljs$cst$keyword$method:dj
cljs$cst$keyword$missing_DASH_refs:Rt
cljs$cst$keyword$more_DASH_marker:Xh
cljs$cst$keyword$name:Al
cljs$cst$keyword$new_DASH_project:Hl
cljs$cst$keyword$node:qu
cljs$cst$keyword$not_DASH_initialized:Hk
cljs$cst$keyword$original_DASH_text:Wi
cljs$cst$keyword$p1:yt
cljs$cst$keyword$p2:xt
cljs$cst$keyword$params:Em
cljs$cst$keyword$parents:Ai
cljs$cst$keyword$parse:Rj
cljs$cst$keyword$parse_DASH_error:Hj
cljs$cst$keyword$password:wt
cljs$cst$keyword$path:Qt
cljs$cst$keyword$port:Mt
cljs$cst$keyword$pred:Du
cljs$cst$keyword$prefix:sk
cljs$cst$keyword$print_DASH_length:xb
cljs$cst$keyword$processing_DASH_request:Il
cljs$cst$keyword$progress_DASH_handler:zm
cljs$cst$keyword$project:kl
cljs$cst$keyword$project_DASH_history:Vi
cljs$cst$keyword$projects:Vk
cljs$cst$keyword$projects_DOT_components_DOT_back_DASH_end_SLASH_connection:zu
cljs$cst$keyword$projects_DOT_components_DOT_state_SLASH_add_DASH_project:rl
cljs$cst$keyword$projects_DOT_components_DOT_state_SLASH_authenticate:kv
cljs$cst$keyword$projects_DOT_components_DOT_state_SLASH_new_DASH_project:$k
cljs$cst$keyword$projects_DOT_components_DOT_state_SLASH_remove_DASH_project:im
cljs$cst$keyword$projects_DOT_components_DOT_state_SLASH_set_DASH_message:nu
cljs$cst$keyword$projects_DOT_components_DOT_state_SLASH_set_DASH_project_DASH_history:dk
cljs$cst$keyword$projects_DOT_components_DOT_state_SLASH_set_DASH_projects:Yj
cljs$cst$keyword$projects_DOT_components_DOT_state_SLASH_set_DASH_selected:uk
cljs$cst$keyword$projects_DOT_components_DOT_state_SLASH_sign_DASH_out:hu
cljs$cst$keyword$projects_DOT_components_DOT_state_SLASH_update_DASH_project:Ej
cljs$cst$keyword$projects_SLASH_core:Pt
cljs$cst$keyword$ps:Nt
cljs$cst$keyword$raw:Tj
cljs$cst$keyword$read:gl
cljs$cst$keyword$readably:ub
cljs$cst$keyword$reader:Xj
cljs$cst$keyword$reason:gv
cljs$cst$keyword$remove_DASH_project:ml
cljs$cst$keyword$rep_PLUS_:jv
cljs$cst$keyword$request_DASH_received:Jl
cljs$cst$keyword$response:nm
cljs$cst$keyword$response_DASH_format:Fm
cljs$cst$keyword$response_DASH_ready:Am
cljs$cst$keyword$ret:gu
cljs$cst$keyword$selected:ok
cljs$cst$keyword$set_DASH_message:lv
cljs$cst$keyword$set_DASH_project_DASH_history:ul
cljs$cst$keyword$set_DASH_projects:ij
cljs$cst$keyword$set_DASH_selected:Jj
cljs$cst$keyword$sign_DASH_out:fu
cljs$cst$keyword$spec:Bt
cljs$cst$keyword$splice:Au
cljs$cst$keyword$status:kj
cljs$cst$keyword$status_DASH_name:am
cljs$cst$keyword$status_DASH_text:hj
cljs$cst$keyword$status_name:sm
cljs$cst$keyword$system:Ku
cljs$cst$keyword$timeout:Ui
cljs$cst$keyword$token:ru
cljs$cst$keyword$type:Ik
cljs$cst$keyword$update_DASH_project:Kk
cljs$cst$keyword$uri:jl
cljs$cst$keyword$url_DASH_params:yk
cljs$cst$keyword$user:Ht
cljs$cst$keyword$username:Ju
cljs$cst$keyword$val:mi
cljs$cst$keyword$value:eu
cljs$cst$keyword$vec_DASH_strategy:Sk
cljs$cst$keyword$via:St
cljs$cst$keyword$weavejester_DOT_dependency_SLASH_circular_DASH_dependency:cu
cljs$cst$keyword$with_DASH_credentials:yl
cljs$cst$keyword$write:fj
cljs$cst$keyword$writer:ym
cljs$cst$symbol$_PERCENT_:av
cljs$cst$symbol$a:Jk
cljs$cst$symbol$abbr:lm
cljs$cst$symbol$address:Pj
cljs$cst$symbol$area:Cj
cljs$cst$symbol$article:bm
cljs$cst$symbol$aside:Kl
cljs$cst$symbol$audio:Zj
cljs$cst$symbol$b:Ek
cljs$cst$symbol$base:Tk
cljs$cst$symbol$bdi:gm
cljs$cst$symbol$bdo:dm
cljs$cst$symbol$big:Xi
cljs$cst$symbol$blockquote:zl
cljs$cst$symbol$body:zk
cljs$cst$symbol$br:Ij
cljs$cst$symbol$button:Ri
cljs$cst$symbol$canvas:nl
cljs$cst$symbol$caption:xk
cljs$cst$symbol$circle:hm
cljs$cst$symbol$cite:rk
cljs$cst$symbol$clipPath:pm
cljs$cst$symbol$cljs_DOT_core_SLASH_fn:Jt
cljs$cst$symbol$cljs_DOT_core_SLASH_map:Lu
cljs$cst$symbol$cljs_DOT_core_SLASH_nil_QMARK_:Yu
cljs$cst$symbol$cljs_DOT_core_SLASH_or:$t
cljs$cst$symbol$cljs_DOT_core_SLASH_sequential_QMARK_:$u
cljs$cst$symbol$cljs_DOT_core_SLASH_zipmap:zt
cljs$cst$symbol$cljs_DOT_spec_DOT_alpha_SLASH__AMPERSAND_:Gt
cljs$cst$symbol$cljs_DOT_spec_DOT_alpha_SLASH__PLUS_:Wu
cljs$cst$symbol$cljs_DOT_spec_DOT_alpha_SLASH__QMARK_:Zu
cljs$cst$symbol$cljs_DOT_spec_DOT_alpha_SLASH__STAR_:iu
cljs$cst$symbol$cljs_DOT_spec_DOT_alpha_SLASH_alt:Xu
cljs$cst$symbol$cljs_DOT_spec_DOT_alpha_SLASH_cat:Vt
cljs$cst$symbol$cljs_DOT_spec_DOT_alpha_SLASH_conformer:ju
cljs$cst$symbol$code:ak
cljs$cst$symbol$col:vj
cljs$cst$symbol$colgroup:Ml
cljs$cst$symbol$data:Gm
cljs$cst$symbol$datalist:Cm
cljs$cst$symbol$dd:Dj
cljs$cst$symbol$defs:cj
cljs$cst$symbol$del:Xl
cljs$cst$symbol$details:ql
cljs$cst$symbol$dfn:Ql
cljs$cst$symbol$dialog:tk
cljs$cst$symbol$div:om
cljs$cst$symbol$dl:sj
cljs$cst$symbol$dt:uj
cljs$cst$symbol$ellipse:fm
cljs$cst$symbol$em:mj
cljs$cst$symbol$embed:zj
cljs$cst$symbol$fieldset:Zi
cljs$cst$symbol$figcaption:nj
cljs$cst$symbol$figure:wl
cljs$cst$symbol$fn:au
cljs$cst$symbol$fn_STAR_:Ct
cljs$cst$symbol$footer:Qi
cljs$cst$symbol$form:Fj
cljs$cst$symbol$g:Gk
cljs$cst$symbol$h1:kk
cljs$cst$symbol$h2:fk
cljs$cst$symbol$h3:gk
cljs$cst$symbol$h4:hk
cljs$cst$symbol$h5:jk
cljs$cst$symbol$h6:lk
cljs$cst$symbol$head:Mj
cljs$cst$symbol$header:ol
cljs$cst$symbol$hr:Vj
cljs$cst$symbol$html:Hm
cljs$cst$symbol$i:Fk
cljs$cst$symbol$iframe:rj
cljs$cst$symbol$img:Ol
cljs$cst$symbol$input:qk
cljs$cst$symbol$ins:Dl
cljs$cst$symbol$k:mu
cljs$cst$symbol$kbd:Aj
cljs$cst$symbol$keygen:Ul
cljs$cst$symbol$label:lj
cljs$cst$symbol$legend:Bk
cljs$cst$symbol$li:Dk
cljs$cst$symbol$line:$l
cljs$cst$symbol$linearGradient:Rk
cljs$cst$symbol$link:Yl
cljs$cst$symbol$main:Lk
cljs$cst$symbol$map:ej
cljs$cst$symbol$mark:Wk
cljs$cst$symbol$mask:dl
cljs$cst$symbol$menu:pk
cljs$cst$symbol$menuitem:Gj
cljs$cst$symbol$meta:Wj
cljs$cst$symbol$meter:Pi
cljs$cst$symbol$nav:Ti
cljs$cst$symbol$noscript:Zl
cljs$cst$symbol$object:Qj
cljs$cst$symbol$ol:pl
cljs$cst$symbol$optgroup:Si
cljs$cst$symbol$option:Bm
cljs$cst$symbol$output:tj
cljs$cst$symbol$p:Qk
cljs$cst$symbol$p1__12748_SHARP_:Zr
cljs$cst$symbol$p1__12749_SHARP_:as
cljs$cst$symbol$param:Wl
cljs$cst$symbol$path:cm
cljs$cst$symbol$pattern:tm
cljs$cst$symbol$picture:Nk
cljs$cst$symbol$polygon:Nl
cljs$cst$symbol$polyline:yj
cljs$cst$symbol$pre:vk
cljs$cst$symbol$progress:km
cljs$cst$symbol$q:Pk
cljs$cst$symbol$radialGradient:jm
cljs$cst$symbol$rect:Nj
cljs$cst$symbol$rp:Yk
cljs$cst$symbol$rt:Uk
cljs$cst$symbol$ruby:Sj
cljs$cst$symbol$s:Ok
cljs$cst$symbol$samp:wj
cljs$cst$symbol$script:ll
cljs$cst$symbol$section:el
cljs$cst$symbol$select:fl
cljs$cst$symbol$small:Dm
cljs$cst$symbol$source:gj
cljs$cst$symbol$span:rm
cljs$cst$symbol$stop:Vl
cljs$cst$symbol$strong:tl
cljs$cst$symbol$style:il
cljs$cst$symbol$sub:mk
cljs$cst$symbol$summary:Sl
cljs$cst$symbol$sup:ik
cljs$cst$symbol$svg:ek
cljs$cst$symbol$table:$i
cljs$cst$symbol$tbody:Kj
cljs$cst$symbol$td:Gl
cljs$cst$symbol$text:aj
cljs$cst$symbol$textarea:vl
cljs$cst$symbol$tfoot:Oj
cljs$cst$symbol$th:Fl
cljs$cst$symbol$thead:xj
cljs$cst$symbol$time:Zk
cljs$cst$symbol$title:Bl
cljs$cst$symbol$tr:Ll
cljs$cst$symbol$track:qm
cljs$cst$symbol$tspan:bl
cljs$cst$symbol$u:Mk
cljs$cst$symbol$ul:Cl
cljs$cst$symbol$v:ku
cljs$cst$symbol$var:Xk
cljs$cst$symbol$video:mm
cljs$cst$symbol$wbr:cl
cljs$spec:Fv
cljs$spec$alpha:Gv
cljs$spec$alpha$Specize$specize_STAR_$dyn_12803:kw
cljs$spec$alpha$abbrev:nw
cljs$spec$alpha$accept:vw
cljs$spec$alpha$accept_QMARK_:ww
cljs$spec$alpha$accept_nil_QMARK_:Cw
cljs$spec$alpha$add_ret:Ew
cljs$spec$alpha$alt2:Bw
cljs$spec$alpha$alt_STAR_:Aw
cljs$spec$alpha$and_preds:tw
cljs$spec$alpha$conform_STAR_:Wv
cljs$spec$alpha$deriv:Fw
cljs$spec$alpha$dt$cljs$0core$0IFn$0_invoke$0arity$04:qw
cljs$spec$alpha$explain_1:rw
cljs$spec$alpha$explain_STAR_:Xv
cljs$spec$alpha$explain_pred_list:uw
cljs$spec$alpha$explain_printer:pw
cljs$spec$alpha$filter_alt:zw
cljs$spec$alpha$fn_sym:iw
cljs$spec$alpha$maybe_spec:fw
cljs$spec$alpha$op_describe:Gw
cljs$spec$alpha$op_explain:Hw
cljs$spec$alpha$pcat_STAR_:xw
cljs$spec$alpha$preturn:Dw
cljs$spec$alpha$re_conform:Iw
cljs$spec$alpha$reg_resolve:$v
cljs$spec$alpha$reg_resolve_BANG_:aw
cljs$spec$alpha$regex_QMARK_:cw
cljs$spec$alpha$regex_spec_impl:gw
cljs$spec$alpha$registry_ref:Zv
cljs$spec$alpha$rep_STAR_:yw
cljs$spec$alpha$spec_QMARK_:bw
cljs$spec$alpha$spec_impl$cljs$0core$0IFn$0_invoke$0arity$04:lw
cljs$spec$alpha$spec_impl$cljs$0core$0IFn$0_invoke$0arity$05:sw
cljs$spec$alpha$spec_name:ew
cljs$spec$alpha$specize:mw
cljs$spec$alpha$specize_STAR_:jw
cljs$spec$alpha$t_cljs$0spec$0alpha12340:Hv
cljs$spec$alpha$t_cljs$0spec$0alpha12737:Iv
cljs$spec$alpha$the_spec:hw
cljs$spec$alpha$with_gen:ow
cljs$spec$alpha$with_gen_STAR_:Yv
cljs$spec$alpha$with_name:dw
cljs_bean$core$ArrayVector:Tm
cljs_bean$core$ArrayVectorIterator:dn
cljs_bean$core$ArrayVectorSeq:en
cljs_bean$core$Bean:Sm
cljs_bean$core$BeanIterator:an
cljs_bean$core$BeanSeq:bn
cljs_bean$core$TransientArrayVector:cn
cljs_bean$core$TransientBean:$m
cljs_bean$core$__GT_val:Rm
cljs_bean$core$compatible_key_QMARK_:Ym
cljs_bean$core$compatible_value_QMARK_:Zm
cljs_bean$core$default_key__GT_prop:fn
cljs_bean$core$empty_map:Vm
cljs_bean$core$indexed_entry:Xm
cljs_bean$core$lookup_sentinel:Pm
cljs_bean$core$primitive_QMARK_:Qm
cljs_bean$core$snapshot:Wm
cljs_bean$core$unwrap:Um
cljs_bean$from$cljs$core$_indexOf$cljs$0core$0IFn$0_invoke$0arity$03:Km
cljs_bean$from$cljs$core$_lastIndexOf$cljs$0core$0IFn$0_invoke$0arity$03:Lm
cljs_bean$from$cljs$core$ci_reduce$cljs$0core$0IFn$0_invoke$0arity$02:Nm
cljs_bean$from$cljs$core$ci_reduce$cljs$0core$0IFn$0_invoke$0arity$03:Om
cljs_bean$from$cljs$core$equiv_sequential:Mm
clojure$set$union$cljs$0core$0IFn$0_invoke$0arity$02:Ev
clojure$string$join$cljs$0core$0IFn$0_invoke$0arity$02:Jm
clojure$string$replace:Im
clojure$string$split$cljs$0core$0IFn$0_invoke$0arity$03:mv
clojure$walk$postwalk:tv
clojure$walk$walk:sv
cognitect$transit$KeywordHandler:rp
cognitect$transit$ListHandler:tp
cognitect$transit$MapBuilder:op
cognitect$transit$MapHandler:up
cognitect$transit$SetHandler:vp
cognitect$transit$SymbolHandler:sp
cognitect$transit$UUIDHandler:xp
cognitect$transit$VectorBuilder:pp
cognitect$transit$VectorHandler:wp
cognitect$transit$WithMeta:ph
cognitect$transit$WithMetaHandler:yp
cognitect$transit$opts_merge:np
cognitect$transit$reader$cljs$0core$0IFn$0_invoke$0arity$02:qp
cognitect$transit$writer$cljs$0core$0IFn$0_invoke$0arity$02:zp
com$cognitect$transit$caching$ReadCache:Un
com$cognitect$transit$caching$WriteCache:Tn
com$cognitect$transit$caching$idxToCode:Sn
com$cognitect$transit$caching$isCacheable:Rn
com$cognitect$transit$eq$equals:Wn
com$cognitect$transit$eq$hashArrayLike:bo
com$cognitect$transit$eq$hashCode:ao
com$cognitect$transit$eq$hashCodeCounter:Vn
com$cognitect$transit$eq$hashCombine:Xn
com$cognitect$transit$eq$hashMapLike:$n
com$cognitect$transit$eq$stringCodeCache:Yn
com$cognitect$transit$eq$stringCodeCacheSize:Zn
com$cognitect$transit$handlers$ArrayHandler:Oo
com$cognitect$transit$handlers$BooleanHandler:No
com$cognitect$transit$handlers$BufferHandler:Zo
com$cognitect$transit$handlers$DateHandler:Ro
com$cognitect$transit$handlers$Handlers:ap
com$cognitect$transit$handlers$IntegerHandler:Mo
com$cognitect$transit$handlers$KeywordHandler:To
com$cognitect$transit$handlers$MapHandler:Po
com$cognitect$transit$handlers$NilHandler:Jo
com$cognitect$transit$handlers$NumberHandler:Lo
com$cognitect$transit$handlers$StringHandler:Ko
com$cognitect$transit$handlers$SymbolHandler:Uo
com$cognitect$transit$handlers$TaggedHandler:Vo
com$cognitect$transit$handlers$TransitArrayMapHandler:Xo
com$cognitect$transit$handlers$TransitMapHandler:Yo
com$cognitect$transit$handlers$TransitSetHandler:Wo
com$cognitect$transit$handlers$UUIDHandler:So
com$cognitect$transit$handlers$Uint8ArrayHandler:$o
com$cognitect$transit$handlers$VerboseDateHandler:Qo
com$cognitect$transit$handlers$ctorGuid:Eo
com$cognitect$transit$handlers$ctorGuidProperty:Go
com$cognitect$transit$handlers$padZeros:Io
com$cognitect$transit$handlers$typeTag:Ho
com$cognitect$transit$impl$decoder$Decoder:zo
com$cognitect$transit$impl$decoder$Tag:yo
com$cognitect$transit$impl$reader$JSONUnmarshaller:Co
com$cognitect$transit$impl$reader$Reader:Do
com$cognitect$transit$impl$writer$JSONMarshaller:bp
com$cognitect$transit$impl$writer$Writer:kp
com$cognitect$transit$impl$writer$emitMap:ip
com$cognitect$transit$impl$writer$emitObjects:dp
com$cognitect$transit$impl$writer$isForeignObject:hp
com$cognitect$transit$impl$writer$isStringableKey:fp
com$cognitect$transit$impl$writer$marshal:ep
com$cognitect$transit$impl$writer$maybeQuoted:jp
com$cognitect$transit$impl$writer$stringableKeys:gp
com$cognitect$transit$reader:lp
com$cognitect$transit$types$ITERATOR:co
com$cognitect$transit$types$Keyword:io
com$cognitect$transit$types$MAX_INT:go
com$cognitect$transit$types$MIN_INT:ho
com$cognitect$transit$types$Symbol:jo
com$cognitect$transit$types$TaggedValue:eo
com$cognitect$transit$types$TransitArrayMap:qo
com$cognitect$transit$types$TransitArrayMapIterator:mo
com$cognitect$transit$types$TransitMap:po
com$cognitect$transit$types$TransitMapIterator:no
com$cognitect$transit$types$TransitSet:wo
com$cognitect$transit$types$UUID:lo
com$cognitect$transit$types$hexFor:ko
com$cognitect$transit$types$map:vo
com$cognitect$transit$types$mapEquals:oo
com$cognitect$transit$types$print:ro
com$cognitect$transit$types$printMap:so
com$cognitect$transit$types$printSet:to
com$cognitect$transit$types$set:xo
com$cognitect$transit$types$taggedValue:fo
com$cognitect$transit$util$isArray:Pn
com$cognitect$transit$util$objectKeys:On
com$cognitect$transit$util$randHex:Qn
com$cognitect$transit$writer:mp
cur$jscomp$inline_1988:ky
docMode$jscomp$inline_1265:xv
form$jscomp$inline_1906:Jw
goog:ba
goog$Disposable:mq
goog$Disposable$MonitoringMode$OFF:nq
goog$Timer$callOnce:Uq
goog$UID_PROPERTY_:ka
goog$array$defaultCompare:Kf
goog$array$find:La
goog$array$forEach:Ka
goog$array$indexOf:Ja
goog$array$sort:Jf
goog$array$stableSort:Nh
goog$array$toArray:Na
goog$bind:oa
goog$bindJs_:na
goog$bindNative_:ma
goog$events$BrowserEvent:tq
goog$events$BrowserEvent$IE_POINTER_TYPE_MAP:uq
goog$events$BrowserFeature$HAS_W3C_EVENT_SUPPORT:pq
goog$events$BrowserFeature$PASSIVE_EVENTS:rq
goog$events$BrowserFeature$SET_KEY_CODE_TO_PREVENT_DEFAULT:qq
goog$events$Event:sq
goog$events$EventTarget:Sq
goog$events$LISTENER_MAP_PROP_:Cq
goog$events$LISTENER_WRAPPER_PROP_:Rq
goog$events$Listenable$IMPLEMENTED_BY_PROP:vq
goog$events$ListenableKey$counter_:wq
goog$events$Listener:xq
goog$events$ListenerMap:zq
goog$events$ListenerMap$findListenerIndex_:Aq
goog$events$fireListener:Qq
goog$events$fireListeners_:Pq
goog$events$getListenerMap_:Jq
goog$events$getOnString_:Lq
goog$events$getProxy:Kq
goog$events$handleBrowserEvent_:Mq
goog$events$listen:Fq
goog$events$listenOnce:Gq
goog$events$listen_:Iq
goog$events$listenerCountEstimate_:Eq
goog$events$onStringMap_:Dq
goog$events$unlisten:Nq
goog$events$unlistenByKey:Oq
goog$events$wrapListener:Hq
goog$getUid:ja
goog$global:ca
goog$inherits:pa
goog$isArrayLike:ea
goog$isFunction:ha
goog$isObject:ia
goog$labs$userAgent$platform$isIphone:Zp
goog$labs$userAgent$util$matchUserAgent:cb
goog$labs$userAgent$util$userAgent_:Ya
goog$net$DefaultXmlHttpFactory:Zq
goog$net$XhrIo:ar
goog$net$XhrIo$HTTP_SCHEME_PATTERN:cr
goog$net$XhrIo$METHODS_WITH_FORM_DATA:dr
goog$net$XhrIo$ResponseType$DEFAULT:br
goog$net$XhrIo$buildProgressEvent_:lr
goog$net$XhrIo$isContentTypeHeader_:Ma
goog$net$XhrIo$shouldUseXhr2Timeout_:gr
goog$net$XmlHttp$factory_:Yq
goog$net$XmlHttpFactory:Vq
goog$nullFunction:da
goog$object$PROTOTYPE_FIELDS_:Ta
goog$object$clone:Sa
goog$object$extend:Ua
goog$object$forEach:Oa
goog$object$get:Ra
goog$object$getKeys:Qa
goog$object$map:Pa
goog$reflect$cache:ra
goog$reflect$sinkValue:qa
goog$string$StringBuffer:lb
goog$string$capitalize:db
goog$string$internal$caseInsensitiveContains:Xa
goog$string$internal$compareElements_:$a
goog$string$internal$isEmptyOrWhitespace:Va
goog$string$internal$trim:Wa
goog$string$splitLimit:eb
goog$structs$Map:hb
goog$structs$Map$defaultEquals:jb
goog$structs$forEach:gb
goog$structs$getValues:fb
goog$typeOf:t
goog$uidCounter_:la
goog$uri$utils$splitRe_:kb
goog$userAgent$EDGE:bq
goog$userAgent$GECKO:cq
goog$userAgent$IE:aq
goog$userAgent$OPERA:$p
goog$userAgent$VERSION:gq
goog$userAgent$WEBKIT:dq
goog$userAgent$getDocumentMode_:fq
goog$userAgent$isVersionOrHigher:kq
goog$userAgent$isVersionOrHigherCache_:sa
helix$core$Fragment:qn
helix$core$create_context:rn
helix$core$extract_cljs_props:sn
helix$hooks$raw_use_effect:Hr
helix$hooks$use_context:Lr
helix$hooks$use_reducer$cljs$0core$0IFn$0_invoke$0arity$03:Jr
helix$hooks$use_state:Ir
helix$hooks$wrap_fx:Mr
helix$impl$props$__GT_js:kn
helix$impl$props$aria_data_special_case_re:gn
helix$impl$props$camel_case:jn
helix$impl$props$camel_regexp:hn
helix$impl$props$normalize_class:nv
helix$impl$props$or_undefined:ln
hierarchy__4623__auto__$jscomp$inline_1935:Ux
integrant$core$RefLike:dx
integrant$core$ambiguous_key_exception:kx
integrant$core$ambiguous_refs:Ex
integrant$core$assert_pre_init_spec:Lx
integrant$core$build$cljs$0core$0IFn$0_invoke$0arity$05:Jx
integrant$core$build_key:Qs
integrant$core$composite_key_QMARK_:fx
integrant$core$composite_keyword:ix
integrant$core$dependency_graph$cljs$0core$0IFn$0_invoke$0arity$02:Ax
integrant$core$derived_from_QMARK_:lx
integrant$core$expand_key:Hx
integrant$core$find_derived:mx
integrant$core$find_derived_refs:nx
integrant$core$find_keys:Cx
integrant$core$halt_key_BANG_:Ox
integrant$core$init_key:Kx
integrant$core$invalid_composite_key_exception:Gx
integrant$core$key_comparator:Bx
integrant$core$missing_refs:Fx
integrant$core$missing_refs_exception:Dx
integrant$core$normalize_key:jx
integrant$core$pre_init_spec:Px
integrant$core$prep$cljs$0core$0IFn$0_invoke$0arity$02:Wx
integrant$core$prep_key:Nx
integrant$core$ref_QMARK_:gx
integrant$core$ref_key:ex
integrant$core$reflike_QMARK_:hx
integrant$core$resolve_key:Mx
integrant$core$spec_exception:Vx
integrant$core$try_build_action:Ix
method_cache__4621__auto__$jscomp$inline_1933:Sx
method_table__4619__auto__$jscomp$inline_1931:Qx
module$contents$goog$math$Long_Long:ua
module$contents$goog$math$Long_Long$fromBits:ta
module$contents$goog$math$Long_Long$fromNumber:va
module$contents$goog$math$Long_Long$fromString:Ba
module$contents$goog$math$Long_MAX_VALUE_:wa
module$contents$goog$math$Long_MIN_VALUE_:xa
module$contents$goog$math$Long_NEG_ONE_:Ga
module$contents$goog$math$Long_ONE_:Fa
module$contents$goog$math$Long_ZERO_:Aa
module$node_modules$react$index:Z
module$node_modules$react_dom$index:Nr
module$node_modules$react_router_dom$index:ov
navigator$jscomp$inline_1261:uv
navigator$jscomp$inline_284:Fo
or__4126__auto__$jscomp$inline_1909:Mw
or__4126__auto____$1$jscomp$inline_1910:Nw
part$jscomp$inline_1989:ly
parts$jscomp$inline_1987:jy
prefer_table__4620__auto__$jscomp$inline_1932:Rx
projects$components$back_end$add_:ks
projects$components$back_end$add_state:ls
projects$components$back_end$autheticate_user:$x
projects$components$back_end$conn:Xx
projects$components$back_end$delete_project:Yx
projects$components$back_end$get_history:hs
projects$components$back_end$get_projects:ay
projects$components$back_end$post_project:gs
projects$components$back_end$put_project:is
projects$components$back_end$register_user:Zx
projects$components$back_end$update_:js
projects$components$back_end$update_state:ms
projects$components$buttons$login_project_buttons_component:by
projects$components$edit_user_view$edit_user:hy
projects$components$events$change_color_on_leave:Wr
projects$components$events$change_color_on_over:Vr
projects$components$events$set_color:Ur
projects$components$home_view$home_page:cy
projects$components$login_view$login_page:dy
projects$components$nav$alert_danger:qv
projects$components$nav$alert_success:pv
projects$components$nav$nav:Or
projects$components$project_form$project_display:ns
projects$components$project_form$project_edit:os
projects$components$project_form$project_form:ps
projects$components$project_history$display_history:Rr
projects$components$project_list$project_list:qs
projects$components$project_table$project_table:Xr
projects$components$projects_view$projects:ey
projects$components$register_view$register:gy
projects$components$state$app_reducer:Oi
projects$components$state$app_state:Pr
projects$components$state$initial_state:Kr
projects$components$state$use_app_state:Qr
projects$components$user_view$view_user:fy
projects$components$utils$next_status:fs
projects$core$app:rs
projects$core$init:ts
projects$core$provided_app:ss
projects$router$routes:iy
promesa$core$catch$0$cljs$0core$0IFn$0_invoke$0arity$02:es
promesa$core$then$cljs$0core$0IFn$0_invoke$0arity$02:ds
promesa$impl$_STAR_default_promise_STAR_:cs
promesa$protocols$IPromise$_then$dyn_10826:Ut
promesa$protocols$IPromise$_thenErr$dyn_10832:Nu
promesa$protocols$_promise:bs
promesa$protocols$_then:Yr
promesa$protocols$_thenErr:$r
rhex$jscomp$inline_1177:rv
shadow$js$files:mn
shadow$js$jsRequire:pn
shadow$js$nativeRequires:nn
shadow$js$requireStack:on
spec$jscomp$inline_1907:Kw
spec_12918__$1$jscomp$inline_1911:Ow
userAgent$jscomp$inline_285:hq
version$jscomp$inline_1263:vv
weavejester$dependency$MapDependencyGraph:Zw
weavejester$dependency$depend:Uw
weavejester$dependency$depends_QMARK_:$w
weavejester$dependency$immediate_dependencies:Pw
weavejester$dependency$immediate_dependents:Qw
weavejester$dependency$max_number:bx
weavejester$dependency$nodes:Tw
weavejester$dependency$remove_edge:Vw
weavejester$dependency$remove_node:Ww
weavejester$dependency$set_conj:Yw
weavejester$dependency$topo_comparator$cljs$0core$0IFn$0_invoke$0arity$02:cx
weavejester$dependency$topo_sort$cljs$0core$0IFn$0_invoke$0arity$02:ax
weavejester$dependency$transitive:Xw
weavejester$dependency$transitive_dependencies:Rw
weavejester$dependency$transitive_dependencies_set:Sw
xmlhttprequest$jscomp$inline_1373:Bv
